// Jest Snapshot v1, https://goo.gl/fbAQLP

exports[`Login screen renders correctly 1`] = `
<RCTScrollView
  enabled={true}
  showsVerticalScrollIndicator={false}
>
  <View>
    <View
      onLayout={[Function]}
      style={
        Object {
          "flex": 1,
          "justifyContent": "space-between",
          "width": "90%",
        }
      }
    >
      <Text
        style={
          Object {
            "fontSize": 20,
            "textAlign": "center",
          }
        }
      >
        [missing "en.passwordRecovery.recovery" translation]
      </Text>
      <Text>
        [missing "en.passwordRecovery.instructionText" translation]
      </Text>
      <View
        style={Array []}
      >
        <View
          style={
            Array [
              Object {
                "borderColor": "#151822",
                "borderRadius": 6,
                "borderWidth": 2,
                "paddingBottom": 12,
                "paddingLeft": 16,
                "paddingTop": 12,
                "position": "relative",
                "width": "100%",
              },
            ]
          }
        >
          <Text
            style={
              Array [
                Object {
                  "color": "#090a10",
                  "fontSize": 23,
                  "left": 19,
                  "position": "absolute",
                  "top": 21,
                },
              ]
            }
          >
            [missing "en.passwordRecovery.email" translation]
          </Text>
          <TextInput
            allowFontScaling={true}
            blurOnSubmit={true}
            maxLength={100}
            onBlur={[Function]}
            onChangeText={[Function]}
            onFocus={[Function]}
            onTextInputBlur={[Function]}
            rejectResponderTermination={true}
            style={
              Object {
                "color": "#090a10",
                "fontSize": 23,
              }
            }
            textContentType="emailAddress"
            underlineColorAndroid="transparent"
            value=""
            wrapperStyles={Array []}
          />
        </View>
        <Text
          style={
            Object {
              "color": "#b00020",
              "fontSize": 18,
            }
          }
        >
          
        </Text>
      </View>
      <View
        accessible={true}
        isTVSelectable={true}
        onResponderGrant={[Function]}
        onResponderMove={[Function]}
        onResponderRelease={[Function]}
        onResponderTerminate={[Function]}
        onResponderTerminationRequest={[Function]}
        onStartShouldSetResponder={[Function]}
        style={
          Array [
            Object {
              "borderRadius": 6,
              "paddingBottom": 13,
              "paddingTop": 13,
              "width": "100%",
            },
            Object {
              "backgroundColor": "#546e7a",
            },
          ]
        }
      >
        <Text
          style={
            Array [
              Object {
                "color": "#546e7a",
                "fontSize": 18,
                "fontWeight": "500",
                "textAlign": "center",
                "textTransform": "uppercase",
              },
              Object {
                "color": "#ffffff",
              },
            ]
          }
        >
          [missing "en.passwordRecovery.sendNewPassword" translation]
        </Text>
      </View>
      <View
        accessible={true}
        isTVSelectable={true}
        onResponderGrant={[Function]}
        onResponderMove={[Function]}
        onResponderRelease={[Function]}
        onResponderTerminate={[Function]}
        onResponderTerminationRequest={[Function]}
        onStartShouldSetResponder={[Function]}
        style={
          Array [
            Object {
              "borderRadius": 6,
              "paddingBottom": 13,
              "paddingTop": 13,
              "width": "100%",
            },
            Object {},
          ]
        }
      >
        <Text
          style={
            Array [
              Object {
                "color": "#546e7a",
                "fontSize": 18,
                "fontWeight": "500",
                "textAlign": "center",
                "textTransform": "uppercase",
              },
              undefined,
            ]
          }
        >
          [missing "en.passwordRecovery.back" translation]
        </Text>
      </View>
    </View>
  </View>
</RCTScrollView>
`;
