// Jest Snapshot v1, https://goo.gl/fbAQLP

exports[`Registration screen renders correctly 1`] = `
<RCTScrollView
  showsVerticalScrollIndicator={false}
>
  <View>
    <View
      onLayout={[Function]}
      style={
        Array [
          Object {
            "flex": 1,
            "flexDirection": "column",
            "justifyContent": "space-between",
          },
          Object {
            "paddingBottom": 0,
          },
        ]
      }
    >
      <View>
        <Image
          resizeMode="contain"
          source={
            Object {
              "testUri": "../../../src/assets/logotype/logotype2x.png",
            }
          }
          style={
            Object {
              "alignSelf": "center",
              "height": 280,
              "width": 300,
            }
          }
        />
        <Text
          style={
            Object {
              "fontSize": 20,
              "textAlign": "center",
            }
          }
        >
          [missing "en.login.bandingCenter" translation]
        </Text>
        <Text
          style={
            Object {
              "fontFamily": "Roboto",
              "fontSize": 16,
              "fontWeight": "bold",
              "lineHeight": 24,
              "marginLeft": 6,
              "marginTop": 16,
              "textAlign": "center",
            }
          }
        >
          succes
        </Text>
        <Text
          style={
            Object {
              "color": "#546E7A",
              "fontFamily": "Roboto",
              "fontSize": 14,
              "lineHeight": 24,
              "marginBottom": 16,
              "marginLeft": 6,
              "textAlign": "center",
            }
          }
        >
          succes
        </Text>
      </View>
      <View>
        <View
          accessible={true}
          isTVSelectable={true}
          onResponderGrant={[Function]}
          onResponderMove={[Function]}
          onResponderRelease={[Function]}
          onResponderTerminate={[Function]}
          onResponderTerminationRequest={[Function]}
          onStartShouldSetResponder={[Function]}
          style={
            Array [
              Object {
                "borderRadius": 6,
                "paddingBottom": 13,
                "paddingTop": 13,
                "width": "100%",
              },
              Object {
                "backgroundColor": "#546e7a",
              },
            ]
          }
        >
          <Text
            style={
              Array [
                Object {
                  "color": "#546e7a",
                  "fontSize": 18,
                  "fontWeight": "500",
                  "textAlign": "center",
                  "textTransform": "uppercase",
                },
                Object {
                  "color": "#ffffff",
                },
              ]
            }
          >
            [missing "en.registrationEmailSent.goToLogin" translation]
          </Text>
        </View>
      </View>
    </View>
  </View>
</RCTScrollView>
`;
